// Jest Snapshot v1, https://goo.gl/fbAQLP

exports[`Searcher insert 1`] = `
Array [
  "insert into searcher (created_at, keyword, name, updated_at) values (DATE, green tea pudding, green tea pudding, DATE) returning *",
  "insert into searcher (created_at, keyword, name, updated_at) values (DATE, cheese cake, cheese cake, DATE) returning *",
  "insert into searcher (created_at, keyword, name, updated_at) values (DATE, green tea pie, green tea pie, DATE) returning *",
  "insert into searcher (created_at, keyword, name, updated_at) values (DATE, american cheese cake, american cheese cake, DATE) returning *",
  "insert into searcher (created_at, keyword, name, updated_at) values (DATE, pumpkin pie, pumpkin pie, DATE) returning *",
]
`;

exports[`Searcher update 1`] = `
Array [
  "select * from searcher where id in (4) and deleted_at is null",
  "update searcher set name = apple cheese cake, updated_at = DATE, keyword = apple cheese cake where (id = 4) and deleted_at IS NULL returning *",
]
`;
